#
# There is insufficient memory for the Java Runtime Environment to continue.
# Native memory allocation (malloc) failed to allocate 1048576 bytes. Error detail: AllocateHeap
# Possible reasons:
#   The system is out of physical RAM or swap space
#   This process is running with CompressedOops enabled, and the Java Heap may be blocking the growth of the native heap
# Possible solutions:
#   Reduce memory load on the system
#   Increase physical memory or swap space
#   Check if swap backing store is full
#   Decrease Java heap size (-Xmx/-Xms)
#   Decrease number of Java threads
#   Decrease Java thread stack sizes (-Xss)
#   Set larger code cache with -XX:ReservedCodeCacheSize=
#   JVM is running with Unscaled Compressed Oops mode in which the Java heap is
#     placed in the first 4GB address space. The Java Heap base address is the
#     maximum limit for the native heap growth. Please use -XX:HeapBaseMinAddress
#     to set the Java Heap base and to place the Java Heap above 4GB virtual address.
# This output file may be truncated or incomplete.
#
#  Out of Memory Error (allocation.cpp:44), pid=23760, tid=23084
#
# JRE version:  (21.0.11+10) (build )
# Java VM: OpenJDK 64-Bit Server VM (21.0.11+10-LTS, mixed mode, tiered, compressed oops, compressed class ptrs, parallel gc, windows-amd64)
# No core dump will be written. Minidumps are not enabled by default on client versions of Windows
#

---------------  S U M M A R Y ------------

Command Line: --add-modules=ALL-SYSTEM --add-opens=java.base/java.util=ALL-UNNAMED --add-opens=java.base/java.lang=ALL-UNNAMED --add-opens=java.base/sun.nio.fs=ALL-UNNAMED -Declipse.application=org.eclipse.jdt.ls.core.id1 -Dosgi.bundles.defaultStartLevel=4 -Declipse.product=org.eclipse.jdt.ls.core.product -Djava.import.generatesMetadataFilesAtProjectRoot=false -DDetectVMInstallationsJob.disabled=true -Dfile.encoding=utf8 -XX:+UseParallelGC -XX:GCTimeRatio=4 -XX:AdaptiveSizePolicyWeight=90 -Dsun.zip.disableMemoryMapping=true -Xmx2G -Xms100m -Xlog:disable -javaagent:c:\Users\R A Y A N\.vscode\extensions\redhat.java-1.55.0-win32-x64\lombok\lombok-1.18.39-4050.jar -XX:+HeapDumpOnOutOfMemoryError -XX:HeapDumpPath=c:\Users\R A Y A N\AppData\Roaming\Code\User\workspaceStorage\502b6fd89372c6c17bdc88b82fb87bf7\redhat.java -Daether.dependencyCollector.impl=bf c:\Users\R A Y A N\.vscode\extensions\redhat.java-1.55.0-win32-x64\server\plugins\org.eclipse.equinox.launcher_1.7.200.v20260619-2039.jar -configuration c:\Users\R A Y A N\AppData\Roaming\Code\User\globalStorage\redhat.java\1.55.0\config_win -data c:\Users\R A Y A N\AppData\Roaming\Code\User\workspaceStorage\502b6fd89372c6c17bdc88b82fb87bf7\redhat.java\jdt_ws --pipe=\\.\pipe\lsp-6259ffa66da4058ae0a07ca17ff5277f-sock

Host: 12th Gen Intel(R) Core(TM) i5-1235U, 12 cores, 7G,  Windows 11 , 64 bit Build 26100 (10.0.26100.8875)
Time: Thu Jul 30 21:43:21 2026 Pakistan Standard Time elapsed time: 1.184666 seconds (0d 0h 0m 1s)

---------------  T H R E A D  ---------------

Current thread (0x0000029883ad1700):  JavaThread "Unknown thread" [_thread_in_vm, id=23084, stack(0x000000f1be800000,0x000000f1be900000) (1024K)]

Stack: [0x000000f1be800000,0x000000f1be900000]
Native frames: (J=compiled Java code, j=interpreted, Vv=VM code, C=native code)
V  [jvm.dll+0x6d7e19]
V  [jvm.dll+0x8b5096]
V  [jvm.dll+0x8b764e]
V  [jvm.dll+0x8b7d33]
V  [jvm.dll+0x284596]
V  [jvm.dll+0xc13c7]
V  [jvm.dll+0x70bdc2]
V  [jvm.dll+0x70cafc]
V  [jvm.dll+0x6e69b3]
V  [jvm.dll+0x87f6ec]
V  [jvm.dll+0x3c4b2c]
V  [jvm.dll+0x8683db]
V  [jvm.dll+0x457c41]
V  [jvm.dll+0x459831]
C  [jli.dll+0x52dc]
C  [ucrtbase.dll+0x2cd30]
C  [KERNEL32.DLL+0x2e957]
C  [ntdll.dll+0xaad6c]


---------------  P R O C E S S  ---------------

Threads class SMR info:
_java_thread_list=0x0000029885f195b0, length=1, elements={
0x0000029883ad1700
}

Java Threads: ( => current thread )
=>0x0000029883ad1700 JavaThread "Unknown thread"             [_thread_in_vm, id=23084, stack(0x000000f1be800000,0x000000f1be900000) (1024K)]
Total: 1

Other Threads:
  0x0000029885d7ca00 WatcherThread "VM Periodic Task Thread"        [id=24988, stack(0x000000f1bea00000,0x000000f1beb00000) (1024K)]
  0x0000029885f15ac0 WorkerThread "GC Thread#0"                     [id=18408, stack(0x000000f1be900000,0x000000f1bea00000) (1024K)]
Total: 2

Threads with active compile tasks:
Total: 0

VM state: not at safepoint (normal execution)

VM Mutex/Monitor currently owned by a thread: None

Heap address: 0x0000000080000000, size: 2048 MB, Compressed Oops mode: 32-bit

CDS archive(s) not mapped
Compressed class space mapped at: 0x0000000100000000-0x0000000140000000, reserved size: 1073741824
Narrow klass base: 0x0000000000000000, Narrow klass shift: 3, Narrow klass range: 0x140000000

GC Precious Log:
 CardTable entry size: 512
 CPUs: 12 total, 12 available
 Memory: 7916M
 Large Page Support: Disabled
 NUMA Support: Disabled
 Compressed Oops: Enabled (32-bit)
 Alignments: Space 512K, Generation 512K, Heap 2M
 Heap Min Capacity: 100M
 Heap Initial Capacity: 100M
 Heap Max Capacity: 2G
 Pre-touch: Disabled
 Parallel Workers: 10

Heap:
 PSYoungGen      total 29696K, used 512K [0x00000000d5580000, 0x00000000d7680000, 0x0000000100000000)
  eden space 25600K, 2% used [0x00000000d5580000,0x00000000d5600070,0x00000000d6e80000)
  from space 4096K, 0% used [0x00000000d7280000,0x00000000d7280000,0x00000000d7680000)
  to   space 4096K, 0% used [0x00000000d6e80000,0x00000000d6e80000,0x00000000d7280000)
 ParOldGen       total 68608K, used 0K [0x0000000080000000, 0x0000000084300000, 0x00000000d5580000)
  object space 68608K, 0% used [0x0000000080000000,0x0000000080000000,0x0000000084300000)
 Metaspace       used 1381K, committed 1408K, reserved 1114112K
  class space    used 111K, committed 128K, reserved 1048576K

Card table byte_map: [0x0000029885890000,0x0000029885ca0000] _byte_map_base: 0x0000029885490000

Marking Bits: (ParMarkBitMap*) 0x00007ffd52904460
 Begin Bits: [0x00000298983a0000, 0x000002989a3a0000)
 End Bits:   [0x000002989a3a0000, 0x000002989c3a0000)

Polling page: 0x0000029883d00000

Metaspace:

Usage:
  Non-class:      1.24 MB used.
      Class:    111.10 KB used.
       Both:      1.35 MB used.

Virtual space:
  Non-class space:       64.00 MB reserved,       1.25 MB (  2%) committed,  1 nodes.
      Class space:        1.00 GB reserved,     128.00 KB ( <1%) committed,  1 nodes.
             Both:        1.06 GB reserved,       1.38 MB ( <1%) committed. 

Chunk freelists:
   Non-Class:  12.00 MB
       Class:  15.75 MB
        Both:  27.75 MB

MaxMetaspaceSize: unlimited
CompressedClassSpaceSize: 1.00 GB
Initial GC threshold: 21.00 MB
Current GC threshold: 17179869184.00 GB
CDS: off
 - commit_granule_bytes: 65536.
 - commit_granule_words: 8192.
 - virtual_space_node_default_size: 8388608.
 - enlarge_chunks_in_place: 1.
 - use_allocation_guard: 0.


Internal statistics:

num_allocs_failed_limit: 0.
num_arena_births: 2.
num_arena_deaths: 0.
num_vsnodes_births: 2.
num_vsnodes_deaths: 0.
num_space_committed: 22.
num_space_uncommitted: 0.
num_chunks_returned_to_freelist: 0.
num_chunks_taken_from_freelist: 3.
num_chunk_merges: 0.
num_chunk_splits: 2.
num_chunks_enlarged: 0.
num_inconsistent_stats: 0.

CodeHeap 'non-profiled nmethods': size=120000Kb used=0Kb max_used=0Kb free=120000Kb
 bounds [0x0000029890bc0000, 0x0000029890e30000, 0x00000298980f0000]
CodeHeap 'profiled nmethods': size=120000Kb used=0Kb max_used=0Kb free=120000Kb
 bounds [0x00000298890f0000, 0x0000029889360000, 0x0000029890620000]
CodeHeap 'non-nmethods': size=5760Kb used=194Kb max_used=342Kb free=5565Kb
 bounds [0x0000029890620000, 0x0000029890890000, 0x0000029890bc0000]
CodeCache: size=245760Kb, used=194Kb, max_used=342Kb, free=245565Kb
 total_blobs=70, nmethods=0, adapters=48, full_count=0
Compilation: enabled, stopped_count=0, restarted_count=0

Compilation events (0 events):
No events

GC Heap History (0 events):
No events

Dll operation events (2 events):
Event: 0.040 Loaded shared library c:\Users\R A Y A N\.vscode\extensions\redhat.java-1.55.0-win32-x64\jre\21.0.11-win32-x86_64\bin\java.dll
Event: 0.059 Loaded shared library c:\Users\R A Y A N\.vscode\extensions\redhat.java-1.55.0-win32-x64\jre\21.0.11-win32-x86_64\bin\zip.dll

Deoptimization events (0 events):
No events

Classes loaded (20 events):
Event: 0.155 Loading class java/util/Iterator
Event: 0.155 Loading class java/util/Iterator done
Event: 0.155 Loading class java/lang/reflect/RecordComponent
Event: 0.156 Loading class java/lang/reflect/RecordComponent done
Event: 0.156 Loading class jdk/internal/vm/vector/VectorSupport
Event: 0.156 Loading class jdk/internal/vm/vector/VectorSupport done
Event: 0.157 Loading class jdk/internal/vm/vector/VectorSupport$VectorPayload
Event: 0.157 Loading class jdk/internal/vm/vector/VectorSupport$VectorPayload done
Event: 0.157 Loading class jdk/internal/vm/vector/VectorSupport$Vector
Event: 0.157 Loading class jdk/internal/vm/vector/VectorSupport$Vector done
Event: 0.157 Loading class jdk/internal/vm/vector/VectorSupport$VectorMask
Event: 0.157 Loading class jdk/internal/vm/vector/VectorSupport$VectorMask done
Event: 0.157 Loading class jdk/internal/vm/vector/VectorSupport$VectorShuffle
Event: 0.157 Loading class jdk/internal/vm/vector/VectorSupport$VectorShuffle done
Event: 0.157 Loading class jdk/internal/vm/FillerObject
Event: 0.157 Loading class jdk/internal/vm/FillerObject done
Event: 0.162 Loading class java/lang/NullPointerException
Event: 0.162 Loading class java/lang/NullPointerException done
Event: 0.162 Loading class java/lang/ArithmeticException
Event: 0.163 Loading class java/lang/ArithmeticException done

Classes unloaded (0 events):
No events

Classes redefined (0 events):
No events

Internal exceptions (0 events):
No events

ZGC Phase Switch (0 events):
No events

VM Operations (0 events):
No events

Memory protections (0 events):
No events

Nmethod flushes (0 events):
No events

Events (1 events):
Event: 0.047 Thread 0x0000029883ad1700 Thread added: 0x0000029883ad1700


Dynamic libraries:
0x00007ff668ff0000 - 0x00007ff668ffe000 	c:\Users\R A Y A N\.vscode\extensions\redhat.java-1.55.0-win32-x64\jre\21.0.11-win32-x86_64\bin\java.exe
0x00007ffe25480000 - 0x00007ffe256e6000 	C:\WINDOWS\SYSTEM32\ntdll.dll
0x00007ffe24120000 - 0x00007ffe241e9000 	C:\WINDOWS\System32\KERNEL32.DLL
0x00007ffe22cf0000 - 0x00007ffe230ee000 	C:\WINDOWS\System32\KERNELBASE.dll
0x00007ffe1c780000 - 0x00007ffe1c820000 	C:\WINDOWS\SYSTEM32\apphelp.dll
0x00007ffe226a0000 - 0x00007ffe227ec000 	C:\WINDOWS\System32\ucrtbase.dll
0x00007ffdda2a0000 - 0x00007ffdda2b8000 	c:\Users\R A Y A N\.vscode\extensions\redhat.java-1.55.0-win32-x64\jre\21.0.11-win32-x86_64\bin\jli.dll
0x00007ffddb160000 - 0x00007ffddb17e000 	c:\Users\R A Y A N\.vscode\extensions\redhat.java-1.55.0-win32-x64\jre\21.0.11-win32-x86_64\bin\VCRUNTIME140.dll
0x00007ffe243a0000 - 0x00007ffe24567000 	C:\WINDOWS\System32\USER32.dll
0x00007ffe228c0000 - 0x00007ffe228e7000 	C:\WINDOWS\System32\win32u.dll
0x00007ffdfb390000 - 0x00007ffdfb622000 	C:\WINDOWS\WinSxS\amd64_microsoft.windows.common-controls_6595b64144ccf1df_6.0.26100.8875_none_3e0d5d42e32fe9dd\COMCTL32.dll
0x00007ffe23290000 - 0x00007ffe23339000 	C:\WINDOWS\System32\msvcrt.dll
0x00007ffe24030000 - 0x00007ffe2405b000 	C:\WINDOWS\System32\GDI32.dll
0x00007ffe228f0000 - 0x00007ffe22a1a000 	C:\WINDOWS\System32\gdi32full.dll
0x00007ffe23100000 - 0x00007ffe231a3000 	C:\WINDOWS\System32\msvcp_win.dll
0x00007ffe23b60000 - 0x00007ffe23b92000 	C:\WINDOWS\System32\IMM32.DLL
0x00007ffe03bf0000 - 0x00007ffe03bfc000 	c:\Users\R A Y A N\.vscode\extensions\redhat.java-1.55.0-win32-x64\jre\21.0.11-win32-x86_64\bin\vcruntime140_1.dll
0x00007ffdb84a0000 - 0x00007ffdb852d000 	c:\Users\R A Y A N\.vscode\extensions\redhat.java-1.55.0-win32-x64\jre\21.0.11-win32-x86_64\bin\msvcp140.dll
0x00007ffd51c40000 - 0x00007ffd529e2000 	c:\Users\R A Y A N\.vscode\extensions\redhat.java-1.55.0-win32-x64\jre\21.0.11-win32-x86_64\bin\server\jvm.dll
0x00007ffe25300000 - 0x00007ffe253b7000 	C:\WINDOWS\System32\ADVAPI32.dll
0x00007ffe23dd0000 - 0x00007ffe23e7a000 	C:\WINDOWS\System32\sechost.dll
0x00007ffe23e80000 - 0x00007ffe23f98000 	C:\WINDOWS\System32\RPCRT4.dll
0x00007ffe24090000 - 0x00007ffe24110000 	C:\WINDOWS\System32\WS2_32.dll
0x00007ffe22500000 - 0x00007ffe2255e000 	C:\WINDOWS\SYSTEM32\POWRPROF.dll
0x00007ffe160e0000 - 0x00007ffe16116000 	C:\WINDOWS\SYSTEM32\WINMM.dll
0x00007ffdfb730000 - 0x00007ffdfb73b000 	C:\WINDOWS\SYSTEM32\VERSION.dll
0x00007ffe224e0000 - 0x00007ffe224f4000 	C:\WINDOWS\SYSTEM32\UMPDC.dll
0x00007ffe21340000 - 0x00007ffe2135b000 	C:\WINDOWS\SYSTEM32\kernel.appcore.dll
0x00007ffe03420000 - 0x00007ffe0342a000 	c:\Users\R A Y A N\.vscode\extensions\redhat.java-1.55.0-win32-x64\jre\21.0.11-win32-x86_64\bin\jimage.dll
0x00007ffe1fc40000 - 0x00007ffe1fe82000 	C:\WINDOWS\SYSTEM32\DBGHELP.DLL
0x00007ffe237d0000 - 0x00007ffe23b53000 	C:\WINDOWS\System32\combase.dll
0x00007ffe231b0000 - 0x00007ffe23289000 	C:\WINDOWS\System32\OLEAUT32.dll
0x00007ffdfa470000 - 0x00007ffdfa4ab000 	C:\WINDOWS\SYSTEM32\dbgcore.DLL
0x00007ffe22800000 - 0x00007ffe228ac000 	C:\WINDOWS\System32\bcryptPrimitives.dll
0x00007ffde6640000 - 0x00007ffde664f000 	c:\Users\R A Y A N\.vscode\extensions\redhat.java-1.55.0-win32-x64\jre\21.0.11-win32-x86_64\bin\instrument.dll
0x00007ffdd47c0000 - 0x00007ffdd47e0000 	c:\Users\R A Y A N\.vscode\extensions\redhat.java-1.55.0-win32-x64\jre\21.0.11-win32-x86_64\bin\java.dll
0x00007ffdd0630000 - 0x00007ffdd0648000 	c:\Users\R A Y A N\.vscode\extensions\redhat.java-1.55.0-win32-x64\jre\21.0.11-win32-x86_64\bin\zip.dll

JVMTI agents:
c:\Users\R A Y A N\.vscode\extensions\redhat.java-1.55.0-win32-x64\lombok\lombok-1.18.39-4050.jar path:none, loaded, not initialized, instrumentlib options:none

dbghelp: loaded successfully - version: 4.0.5 - missing functions: none
symbol engine: initialized successfully - sym options: 0x614 - pdb path: .;c:\Users\R A Y A N\.vscode\extensions\redhat.java-1.55.0-win32-x64\jre\21.0.11-win32-x86_64\bin;C:\WINDOWS\SYSTEM32;C:\WINDOWS\WinSxS\amd64_microsoft.windows.common-controls_6595b64144ccf1df_6.0.26100.8875_none_3e0d5d42e32fe9dd;c:\Users\R A Y A N\.vscode\extensions\redhat.java-1.55.0-win32-x64\jre\21.0.11-win32-x86_64\bin\server

VM Arguments:
jvm_args: --add-modules=ALL-SYSTEM --add-opens=java.base/java.util=ALL-UNNAMED --add-opens=java.base/java.lang=ALL-UNNAMED --add-opens=java.base/sun.nio.fs=ALL-UNNAMED -Declipse.application=org.eclipse.jdt.ls.core.id1 -Dosgi.bundles.defaultStartLevel=4 -Declipse.product=org.eclipse.jdt.ls.core.product -Djava.import.generatesMetadataFilesAtProjectRoot=false -DDetectVMInstallationsJob.disabled=true -Dfile.encoding=utf8 -XX:+UseParallelGC -XX:GCTimeRatio=4 -XX:AdaptiveSizePolicyWeight=90 -Dsun.zip.disableMemoryMapping=true -Xmx2G -Xms100m -Xlog:disable -javaagent:c:\Users\R A Y A N\.vscode\extensions\redhat.java-1.55.0-win32-x64\lombok\lombok-1.18.39-4050.jar -XX:+HeapDumpOnOutOfMemoryError -XX:HeapDumpPath=c:\Users\R A Y A N\AppData\Roaming\Code\User\workspaceStorage\502b6fd89372c6c17bdc88b82fb87bf7\redhat.java -Daether.dependencyCollector.impl=bf 
java_command: c:\Users\R A Y A N\.vscode\extensions\redhat.java-1.55.0-win32-x64\server\plugins\org.eclipse.equinox.launcher_1.7.200.v20260619-2039.jar -configuration c:\Users\R A Y A N\AppData\Roaming\Code\User\globalStorage\redhat.java\1.55.0\config_win -data c:\Users\R A Y A N\AppData\Roaming\Code\User\workspaceStorage\502b6fd89372c6c17bdc88b82fb87bf7\redhat.java\jdt_ws --pipe=\\.\pipe\lsp-6259ffa66da4058ae0a07ca17ff5277f-sock
java_class_path (initial): c:\Users\R A Y A N\.vscode\extensions\redhat.java-1.55.0-win32-x64\server\plugins\org.eclipse.equinox.launcher_1.7.200.v20260619-2039.jar
Launcher Type: SUN_STANDARD

[Global flags]
    uintx AdaptiveSizePolicyWeight                 = 90                                        {product} {command line}
     intx CICompilerCount                          = 4                                         {product} {ergonomic}
    uintx GCTimeRatio                              = 4                                         {product} {command line}
     bool HeapDumpOnOutOfMemoryError               = true                                   {manageable} {command line}
    ccstr HeapDumpPath                             = c:\Users\R A Y A N\AppData\Roaming\Code\User\workspaceStorage\502b6fd89372c6c17bdc88b82fb87bf7\redhat.java         {manageable} {command line}
   size_t InitialHeapSize                          = 104857600                                 {product} {command line}
   size_t MaxHeapSize                              = 2147483648                                {product} {command line}
   size_t MaxNewSize                               = 715653120                                 {product} {ergonomic}
   size_t MinHeapDeltaBytes                        = 524288                                    {product} {ergonomic}
   size_t MinHeapSize                              = 104857600                                 {product} {command line}
   size_t NewSize                                  = 34603008                                  {product} {ergonomic}
    uintx NonNMethodCodeHeapSize                   = 5839372                                {pd product} {ergonomic}
    uintx NonProfiledCodeHeapSize                  = 122909434                              {pd product} {ergonomic}
   size_t OldSize                                  = 70254592                                  {product} {ergonomic}
    uintx ProfiledCodeHeapSize                     = 122909434                              {pd product} {ergonomic}
    uintx ReservedCodeCacheSize                    = 251658240                              {pd product} {ergonomic}
     bool SegmentedCodeCache                       = true                                      {product} {ergonomic}
   size_t SoftMaxHeapSize                          = 2147483648                             {manageable} {ergonomic}
     bool UseCompressedOops                        = true                           {product lp64_product} {ergonomic}
     bool UseLargePagesIndividualAllocation        = false                                  {pd product} {ergonomic}
     bool UseParallelGC                            = true                                      {product} {command line}

Logging:
Log output configuration:
 #0: stdout all=off uptime,level,tags foldmultilines=false
 #1: stderr all=off uptime,level,tags foldmultilines=false

Release file:
<release file has not been read>
Environment Variables:
JAVA_HOME=C:\Program Files\Microsoft\jdk-25
PATH=C:\Program Files\Microsoft\jdk-25\bin;C:\Program Files\Microsoft\jdk-25.0.2.10-hotspot\bin;C:\WINDOWS\system32;C:\WINDOWS;C:\WINDOWS\System32\Wbem;C:\WINDOWS\System32\WindowsPowerShell\v1.0\;C:\WINDOWS\System32\OpenSSH\;C:\Program Files\dotnet\;C:\Program Files\nodejs\;C:\Program Files\Git\cmd;D:\Android\Sdk\platform-tools;C:\Users\R A Y A N\AppData\Local\Programs\Python\Python314\Scripts\;C:\Users\R A Y A N\AppData\Local\Programs\Python\Python314\;C:\Users\R A Y A N\AppData\Local\Microsoft\WindowsApps;C:\Users\R A Y A N\AppData\Local\Programs\Microsoft VS Code\bin;C:\Users\R A Y A N\AppData\Roaming\npm;
USERNAME=R A Y A N
OS=Windows_NT
PROCESSOR_IDENTIFIER=Intel64 Family 6 Model 154 Stepping 4, GenuineIntel
TMP=C:\Users\RAYAN~1\AppData\Local\Temp
TEMP=C:\Users\RAYAN~1\AppData\Local\Temp




Periodic native trim disabled

---------------  S Y S T E M  ---------------

OS:
 Windows 11 , 64 bit Build 26100 (10.0.26100.8875)
OS uptime: 4 days 4:58 hours
Hyper-V role detected

CPU: total 12 (initial active 12) (6 cores per cpu, 2 threads per core) family 6 model 154 stepping 4 microcode 0x433, cx8, cmov, fxsr, ht, mmx, 3dnowpref, sse, sse2, sse3, ssse3, sse4.1, sse4.2, popcnt, lzcnt, tsc, tscinvbit, avx, avx2, aes, erms, clmul, bmi1, bmi2, adx, sha, fma, vzeroupper, clflush, clflushopt, clwb, hv, serialize, rdtscp, rdpid, fsrm, f16c, cet_ibt, cet_ss
Processor Information for processor 0
  Max Mhz: 1300, Current Mhz: 1300, Mhz Limit: 1300
Processor Information for processor 1
  Max Mhz: 1300, Current Mhz: 1300, Mhz Limit: 1300
Processor Information for processor 2
  Max Mhz: 1300, Current Mhz: 1300, Mhz Limit: 1300
Processor Information for processor 3
  Max Mhz: 1300, Current Mhz: 1300, Mhz Limit: 1300
Processor Information for processor 4
  Max Mhz: 900, Current Mhz: 900, Mhz Limit: 900
Processor Information for processor 5
  Max Mhz: 900, Current Mhz: 900, Mhz Limit: 900
Processor Information for processor 6
  Max Mhz: 900, Current Mhz: 900, Mhz Limit: 900
Processor Information for processor 7
  Max Mhz: 900, Current Mhz: 900, Mhz Limit: 900
Processor Information for processor 8
  Max Mhz: 900, Current Mhz: 900, Mhz Limit: 900
Processor Information for processor 9
  Max Mhz: 900, Current Mhz: 900, Mhz Limit: 900
Processor Information for processor 10
  Max Mhz: 900, Current Mhz: 900, Mhz Limit: 900
Processor Information for processor 11
  Max Mhz: 900, Current Mhz: 900, Mhz Limit: 900

Memory: 4k page, system-wide physical 7916M (732M free)
TotalPageFile size 24441M (AvailPageFile size 0M)
current process WorkingSet (physical memory assigned to process): 19M, peak: 19M
current process commit charge ("private bytes"): 183M, peak: 184M

vm_info: OpenJDK 64-Bit Server VM (21.0.11+10-LTS) for windows-amd64 JRE (21.0.11+10-LTS), built on 2026-04-21T00:00:00Z by "admin" with MS VC++ 17.12 (VS2022)

END.
